#RM scored
#RM descr h5(tag="1") ss h5(tag="2") ss h3(tag="2") ss h3(tag="1")
>rrsc + 1541
rrsc            0.000 0     680   31 caggt gta gcg gtgaaa tgc gtagag atctg
